<html><body>
<div id="in-a-real-scenario-it-would-already-have-one---provide-one-yourself-if-needed" data-controller="live" data-live-name-value="ClientForm" data-live-url-value="/_components/ClientForm" data-live-props-value='{"formData":"91656880-2d93-11ef-933f-5a2cf21a5680","formName":"client","client":{"name":"Dickinson-Doyle","website":"http:\/\/www.gibson.com\/","currencyCode":"CRC","vat_number":"necessitatibus","contacts":[],"addresses":[],"_token":""},"isValidated":false,"validatedFields":[],"@attributes":{"id":"in-a-real-scenario-it-would-already-have-one---provide-one-yourself-if-needed"},' data-live-csrf-value="">
    <form name="client" method="post" data-model="on(change)|*" data-action="live#action:prevent" data-live-action-param="save">

    

    <div class="row">
        <div class="col-lg-6 col-md-6" id="client-address-collection">
            <div class="card card-primary card-outline">
                <div class="card-header with-border">
                    <h3 class="card-title">Client Info</h3>
                </div>

                <div class="card-body">
                    <div class="form-group">                
                                <label class="control-label required required" for="client_name">Name</label><input type="text" id="client_name" name="client[name]" data-required="required" maxlength="125" class="form-control" value="Dickinson-Doyle">
</div>
                    <div class="form-group">                
            <label class="control-label" for="client_website">Website</label><input type="text" id="client_website" name="client[website]" inputmode="url" class="form-control" value="http://www.gibson.com/">
</div>
                    <div class="form-group">                
            <label class="control-label" for="client_currencyCode">Currency code</label><select id="client_currencyCode" name="client[currencyCode]" class="select2 form-control"><option value="">System Default</option>
<option value="AED">United Arab Emirates Dirham</option>
<option value="AFN">Afghan Afghani</option>
<option value="ALL">Albanian Lek</option>
<option value="AMD">Armenian Dram</option>
<option value="ANG">Netherlands Antillean Guilder</option>
<option value="AOA">Angolan Kwanza</option>
<option value="ARS">Argentine Peso</option>
<option value="AUD">Australian Dollar</option>
<option value="AWG">Aruban Florin</option>
<option value="AZN">Azerbaijani Manat</option>
<option value="BAM">Bosnia-Herzegovina Convertible Mark</option>
<option value="BBD">Barbadian Dollar</option>
<option value="BDT">Bangladeshi Taka</option>
<option value="BGN">Bulgarian Lev</option>
<option value="BHD">Bahraini Dinar</option>
<option value="BIF">Burundian Franc</option>
<option value="BMD">Bermudan Dollar</option>
<option value="BND">Brunei Dollar</option>
<option value="BOB">Bolivian Boliviano</option>
<option value="BOV">Bolivian Mvdol</option>
<option value="BRL">Brazilian Real</option>
<option value="BSD">Bahamian Dollar</option>
<option value="BTN">Bhutanese Ngultrum</option>
<option value="BWP">Botswanan Pula</option>
<option value="BYN">Belarusian Ruble</option>
<option value="BZD">Belize Dollar</option>
<option value="CAD">Canadian Dollar</option>
<option value="CDF">Congolese Franc</option>
<option value="CHE">WIR Euro</option>
<option value="CHF">Swiss Franc</option>
<option value="CHW">WIR Franc</option>
<option value="CLF">Chilean Unit of Account (UF)</option>
<option value="CLP">Chilean Peso</option>
<option value="CNY">Chinese Yuan</option>
<option value="COP">Colombian Peso</option>
<option value="COU">Colombian Real Value Unit</option>
<option value="CRC" selected>Costa Rican Col&Atilde;&sup3;n</option>
<option value="CUC">Cuban Convertible Peso</option>
<option value="CUP">Cuban Peso</option>
<option value="CVE">Cape Verdean Escudo</option>
<option value="CZK">Czech Koruna</option>
<option value="DJF">Djiboutian Franc</option>
<option value="DKK">Danish Krone</option>
<option value="DOP">Dominican Peso</option>
<option value="DZD">Algerian Dinar</option>
<option value="EGP">Egyptian Pound</option>
<option value="ERN">Eritrean Nakfa</option>
<option value="ETB">Ethiopian Birr</option>
<option value="EUR">Euro</option>
<option value="FJD">Fijian Dollar</option>
<option value="FKP">Falkland Islands Pound</option>
<option value="GBP">British Pound</option>
<option value="GEL">Georgian Lari</option>
<option value="GHS">Ghanaian Cedi</option>
<option value="GIP">Gibraltar Pound</option>
<option value="GMD">Gambian Dalasi</option>
<option value="GNF">Guinean Franc</option>
<option value="GTQ">Guatemalan Quetzal</option>
<option value="GYD">Guyanaese Dollar</option>
<option value="HKD">Hong Kong Dollar</option>
<option value="HNL">Honduran Lempira</option>
<option value="HTG">Haitian Gourde</option>
<option value="HUF">Hungarian Forint</option>
<option value="IDR">Indonesian Rupiah</option>
<option value="ILS">Israeli New Shekel</option>
<option value="INR">Indian Rupee</option>
<option value="IQD">Iraqi Dinar</option>
<option value="IRR">Iranian Rial</option>
<option value="ISK">Icelandic Kr&Atilde;&sup3;na</option>
<option value="JMD">Jamaican Dollar</option>
<option value="JOD">Jordanian Dinar</option>
<option value="JPY">Japanese Yen</option>
<option value="KES">Kenyan Shilling</option>
<option value="KGS">Kyrgystani Som</option>
<option value="KHR">Cambodian Riel</option>
<option value="KMF">Comorian Franc</option>
<option value="KPW">North Korean Won</option>
<option value="KRW">South Korean Won</option>
<option value="KWD">Kuwaiti Dinar</option>
<option value="KYD">Cayman Islands Dollar</option>
<option value="KZT">Kazakhstani Tenge</option>
<option value="LAK">Laotian Kip</option>
<option value="LBP">Lebanese Pound</option>
<option value="LKR">Sri Lankan Rupee</option>
<option value="LRD">Liberian Dollar</option>
<option value="LSL">Lesotho Loti</option>
<option value="LYD">Libyan Dinar</option>
<option value="MAD">Moroccan Dirham</option>
<option value="MDL">Moldovan Leu</option>
<option value="MGA">Malagasy Ariary</option>
<option value="MKD">Macedonian Denar</option>
<option value="MMK">Myanmar Kyat</option>
<option value="MNT">Mongolian Tugrik</option>
<option value="MOP">Macanese Pataca</option>
<option value="MRU">Mauritanian Ouguiya</option>
<option value="MUR">Mauritian Rupee</option>
<option value="MVR">Maldivian Rufiyaa</option>
<option value="MWK">Malawian Kwacha</option>
<option value="MXN">Mexican Peso</option>
<option value="MXV">Mexican Investment Unit</option>
<option value="MYR">Malaysian Ringgit</option>
<option value="MZN">Mozambican Metical</option>
<option value="NAD">Namibian Dollar</option>
<option value="NGN">Nigerian Naira</option>
<option value="NIO">Nicaraguan C&Atilde;&sup3;rdoba</option>
<option value="NOK">Norwegian Krone</option>
<option value="NPR">Nepalese Rupee</option>
<option value="NZD">New Zealand Dollar</option>
<option value="OMR">Omani Rial</option>
<option value="PAB">Panamanian Balboa</option>
<option value="PEN">Peruvian Sol</option>
<option value="PGK">Papua New Guinean Kina</option>
<option value="PHP">Philippine Peso</option>
<option value="PKR">Pakistani Rupee</option>
<option value="PLN">Polish Zloty</option>
<option value="PYG">Paraguayan Guarani</option>
<option value="QAR">Qatari Riyal</option>
<option value="RON">Romanian Leu</option>
<option value="RSD">Serbian Dinar</option>
<option value="RUB">Russian Ruble</option>
<option value="RWF">Rwandan Franc</option>
<option value="SAR">Saudi Riyal</option>
<option value="SBD">Solomon Islands Dollar</option>
<option value="SCR">Seychellois Rupee</option>
<option value="SDG">Sudanese Pound</option>
<option value="SEK">Swedish Krona</option>
<option value="SGD">Singapore Dollar</option>
<option value="SHP">St. Helena Pound</option>
<option value="SLE">Sierra Leonean Leone</option>
<option value="SOS">Somali Shilling</option>
<option value="SRD">Surinamese Dollar</option>
<option value="SSP">South Sudanese Pound</option>
<option value="STN">S&Atilde;&pound;o Tom&Atilde;&copy; &amp; Pr&Atilde;&shy;ncipe Dobra</option>
<option value="SVC">Salvadoran Col&Atilde;&sup3;n</option>
<option value="SYP">Syrian Pound</option>
<option value="SZL">Swazi Lilangeni</option>
<option value="THB">Thai Baht</option>
<option value="TJS">Tajikistani Somoni</option>
<option value="TMT">Turkmenistani Manat</option>
<option value="TND">Tunisian Dinar</option>
<option value="TOP">Tongan Pa&Ecirc;&raquo;anga</option>
<option value="TRY">Turkish Lira</option>
<option value="TTD">Trinidad &amp; Tobago Dollar</option>
<option value="TWD">New Taiwan Dollar</option>
<option value="TZS">Tanzanian Shilling</option>
<option value="UAH">Ukrainian Hryvnia</option>
<option value="UGX">Ugandan Shilling</option>
<option value="USD">US Dollar</option>
<option value="USN">US Dollar (Next day)</option>
<option value="UYI">Uruguayan Peso (Indexed Units)</option>
<option value="UYU">Uruguayan Peso</option>
<option value="UYW">Uruguayan Nominal Wage Index Unit</option>
<option value="UZS">Uzbekistani Som</option>
<option value="VED">Bol&Atilde;&shy;var Soberano</option>
<option value="VES">Venezuelan Bol&Atilde;&shy;var</option>
<option value="VND">Vietnamese Dong</option>
<option value="VUV">Vanuatu Vatu</option>
<option value="WST">Samoan Tala</option>
<option value="XAF">Central African CFA Franc</option>
<option value="XCD">East Caribbean Dollar</option>
<option value="XOF">West African CFA Franc</option>
<option value="XPF">CFP Franc</option>
<option value="YER">Yemeni Rial</option>
<option value="ZAR">South African Rand</option>
<option value="ZMW">Zambian Kwacha</option>
<option value="ZWL">Zimbabwean Dollar (2009)</option></select>
</div>
                    <div class="form-group">                
            <label class="control-label" for="client_vat_number">Vat number</label><div class="input-group">
        <input type="text" id="client_vat_number" name="client[vat_number]" class="form-control" value="necessitatibus">
        <span class="input-group-btn">
            <a href="#" class="btn btn-secondary vat-validator" data-input="#client_vat_number" rel="tooltip" title="EU Countries Only">Validate</a>
        </span>
    </div>
</div>
                </div>
            </div>

            <div class="card card-primary card-outline">
                <div class="card-header with-border">
                    <h3 class="card-title">Address Info</h3>
                </div>

                
                <div class="card-body">
                    <div class="client_addresses">
                                                <fieldset class="form-group">                
    <div id="client_addresses"></div>
</fieldset>
                    </div>
                </div>

                <div class="card-footer">
                    <button type="button" id="client_addresses_add" name="client[addresses][add]" data-action="live#action" data-live-action-param="addCollectionItem" data-live-name-param="client[addresses]" class="btn btn-outline-primary btn">+ Add Address</button>
                                    </div>
            </div>
        </div>
        <div class="col-lg-6 col-md-6" id="client-contacts-collection">
            <div class="card card-primary card-outline">
                <div class="card-header with-border">
                    <h3 class="card-title">Contact Info</h3>
                </div>

                
                <div class="card-body">
                    <div class="client_contacts">
                        <fieldset class="form-group">                
    <div id="client_contacts"></div>
</fieldset>
                    </div>
                </div>

                <div class="card-footer">
                    <button type="button" id="client_contacts_add" name="client[contacts][add]" data-action="live#action" data-live-action-param="addCollectionItem" data-live-name-param="client[contacts]" class="btn btn-outline-primary btn">+ Add Contact</button>
                                    </div>
            </div>
        </div>
    </div>

    <input type="hidden" id="client__token" name="client[_token]">

    <div class="control-group">
        <div class="controls clearfix">
            <div class="float-left">
                <button type="button" class="btn btn-warning" onclick="history.back()">
                    <i class="fa fa-reply"></i> Cancel
                </button>
            </div>
            <div class="float-right">
                <button type="submit" class="btn btn-success">
                    <i class="fa fa-save"></i> Save Client
                </button>
            </div>
            <br class="clear">
        </div>
    </div>
    </form>
</div>
</body></html>
