<!DOCTYPE html>
<html>
    <head>
        <meta charset="UTF-8">
        <meta http-equiv="refresh" content="0;url='/payments/methods?method=test-cash'">

        <title>Redirecting to /payments/methods?method=test-cash</title>
    </head>
    <body>
        Redirecting to <a href="/payments/methods?method=test-cash">/payments/methods?method=test-cash</a>.
    </body>
</html>
