<html><body>
<div id="in-a-real-scenario-it-would-already-have-one---provide-one-yourself-if-needed" data-controller="live" data-live-name-value="PaymentSettings" data-live-url-value="/_components/PaymentSettings" data-live-query-mapping-value='{"method":{"name":"method"}}' data-live-props-value='{"method":"test-cash","formName":"payment_methods","payment_methods":{"name":"Test Cash","enabled":null,"_token":""},"isValidated":false,"validatedFields":[],"@attributes":{"id":"in-a-real-scenario-it-would-already-have-one---provide-one-yourself-if-needed"},"@checksum":"MX7WRxaSI1JGa5RmQlLCHydzPMCqRb4aexKNWxM\/lDk="}' data-live-csrf-value="">
    <div class="card">
        <div class="card-header with-border">
            <h3 class="card-title">
                Test Cash
            </h3>
        </div>

        <div class="card-body">
            <form name="payment_methods" method="post" data-model="on(change)|*" data-action="live#action:prevent" data-live-action-param="save">
                <div id="payment_methods" data-model="on(change)|*">
<div class="form-group">                
                                <label class="control-label required required" for="payment_methods_name">Name</label><input type="text" id="payment_methods_name" name="payment_methods[name]" data-required="required" maxlength="125" class="form-control" value="Test Cash">
</div>
<div class="form-group"><div class="custom-control custom-switch">        <input type="checkbox" id="payment_methods_enabled" name="payment_methods[enabled]" class="custom-control-input" value="1">
        <label class="switch-custom custom-control-label" for="payment_methods_enabled">Enabled</label>
</div></div>
<input type="hidden" id="payment_methods__token" name="payment_methods[_token]">
</div>

                <div class="form-group">
                    <button data-loading="addAttribute(disabled)" type="submit" class="btn-success btn">
                        <i class="fa fa-save"></i> Save
                    </button>

                                            <button data-loading="addAttribute(disabled)" type="button" class="btn-danger btn float-right" data-action="live#action" data-live-action-param="delete">
                            <i class="fa fa-trash"></i> Delete
                        </button>
                                    </div>
            </form>
        </div>
    </div>
</div>
</body></html>
