<html><body>
<div id="in-a-real-scenario-it-would-already-have-one---provide-one-yourself-if-needed" data-controller="live" data-live-name-value="PaymentMethods" data-live-url-value="/_components/PaymentMethods" data-live-listeners-value='[{"action":"paymentMethods","event":"paymentMethodUpdated"}]' data-live-query-mapping-value='{"method":{"name":"method"}}' data-live-props-value='{"method":"cash","@attributes":{"id":"in-a-real-scenario-it-would-already-have-one---provide-one-yourself-if-needed"},"@checksum":"BHX2ueluA7Bx7Q0GUeFIJjHsE2RRpcE1CNx9U5GH3VY="}' data-live-csrf-value="">
    
    <section class="row">
        <aside class="col-3">
            <div class="card">
                <div class="card-body">
                    <div class="text-center mb-4">
                        <a href="?method=custom" class="btn btn-outline-success">
                            <i class="fa fa-plus-circle"></i> Add Payment Method
                        </a>
                    </div>
                    <ul class="nav nav-pills nav-sidebar flex-column sidebar-menu" role="tablist">
                        <li class="nav-header nav-item first">
                            <span> <p>Available Payment Methods</p></span>
                        </li>
                                                    <li class="nav-item">
                                <a href="?method=bank_transfer" aria-controls="bank_transfer" data-method="bank_transfer" class="nav-link">
                                                                            <i class="fa fa-check-circle text-success"></i>
                                    
                                    <span class="icon">
                                        Bank Transfer
                                    </span>
                                </a>
                            </li>
                                                    <li class="nav-item">
                                <a href="?method=cash" aria-controls="cash" data-method="cash" class="nav-link active">
                                                                            <i class="fa fa-check-circle text-success"></i>
                                    
                                    <span class="icon">
                                        Cash
                                    </span>
                                </a>
                            </li>
                                                    <li class="nav-item">
                                <a href="?method=credit" aria-controls="credit" data-method="credit" class="nav-link">
                                                                            <i class="fa fa-check-circle text-success"></i>
                                    
                                    <span class="icon">
                                        Credit
                                    </span>
                                </a>
                            </li>
                                            </ul>
                </div>
            </div>
        </aside>
        <section class="col-9">
                            <div data-controller="live" data-live-name-value="PaymentSettings" data-live-url-value="/_components/PaymentSettings" id="live-2518422326-0" data-live-query-mapping-value='{"method":{"name":"method"}}' data-live-fingerprint-value="KwtE6oz5wPi757vh37GBcEwEd25sE3K/RKPfBLo53kE=" data-live-props-value='{"method":"cash","formName":"payment_methods","payment_methods":{"name":"Cash","enabled":"1","save":null,"_token":""},"isValidated":false,"validatedFields":[],"@attributes":{"id":"live-2518422326-0"},"@checksum":"BgCje\/DZzhmAG7Ei+Oh+s\/3Ut9V4B7VzWUQVqjwDaaE="}' data-live-csrf-value="">
    <div class="card">
        <div class="card-header with-border">
            <h3 class="card-title">
                Cash
            </h3>
        </div>

        <div class="card-body">
            <form name="payment_methods" method="post" data-model="on(change)|*" data-action="live#action:prevent" data-live-action-param="save">
                <div id="payment_methods" data-model="on(change)|*">
<div class="form-group">                
                                <label class="control-label required required" for="payment_methods_name">Name</label><input type="text" id="payment_methods_name" name="payment_methods[name]" data-required="required" maxlength="125" class="form-control" value="Cash">
</div>
<div class="form-group">
<div class="custom-control custom-switch">        <input type="checkbox" id="payment_methods_enabled" name="payment_methods[enabled]" class="custom-control-input" value="1" checked>
        <label class="switch-custom custom-control-label" for="payment_methods_enabled">Enabled</label>
</div>

    </div>
<div class="form-group"><button type="submit" id="payment_methods_save" name="payment_methods[save]" class="btn-success btn">Save</button></div>
<input type="hidden" id="payment_methods__token" name="payment_methods[_token]">
</div>
            </form>
        </div>
    </div>
</div>

                    </section>
    </section>
</div>
</body></html>
