<!DOCTYPE html>
<html>
    <head>
        <meta charset="UTF-8">
        <meta http-equiv="refresh" content="0;url='/payments/methods?method=payex-test'">

        <title>Redirecting to /payments/methods?method=payex-test</title>
    </head>
    <body>
        Redirecting to <a href="/payments/methods?method=payex-test">/payments/methods?method=payex-test</a>.
    </body>
</html>
