<html><body>
<div id="in-a-real-scenario-it-would-already-have-one---provide-one-yourself-if-needed" data-controller="live" data-live-name-value="DataGrid" data-live-url-value="/_components/DataGrid" data-live-query-mapping-value='{"name":{"name":"name"},"page":{"name":"page"},"sort":{"name":"sort"},"perPage":{"name":"perPage"},"search":{"name":"search"},"filters":{"name":"filters"}}' data-live-props-value='{"name":"client_grid","page":3,"sort":"","perPage":10,"search":"","selectedItems":[],"filters":[],"formName":"form","form":{"created":{"start":"","end":""},"_token":""},"isValidated":false,"validatedFields":[],"@attributes":{"id":"in-a-real-scenario-it-would-already-have-one---provide-one-yourself-if-needed"},"@checksum":"p0ruyqBFQojzFAG25imk6EU1gwLMCObONZviuWyCfjY="}' data-live-csrf-value="">
    

    <div class="card">
        <div class="card-body p-0">
            <div class="row m-1 pt-2">
                <div class="col">
                                            <div class="">
                            <div class="btn-group" role="group" aria-label="Batch Actions">
                                                                                                        <button type="button" class="btn btn-sm btn-danger" data-toggle="modal" data-target="#modal_delete">
                                                                                    <i class="fa fa-trash"></i>
                                                                                Delete
                                    </button>
                                    <div class="modal fade" tabindex="-1" aria-hidden="true" id="modal_delete" data-controller="bootstrap-modal">
    <div class="modal-dialog">
        <div class="modal-content">
                                                <div class="modal-header">
                                                                    <h5>Confirm</h5>
                                            <button type="button" class="close" data-dismiss="modal" aria-label="Close">
                                                <span aria-hidden="true">&times;</span>
                                            </button>
                                                            </div>
                
                <div class="modal-body">
                                                                Are you sure you want to perform this action on the selected items?
                                                        </div>

                                    <div class="modal-footer justify-content-between">
                                                                    <button type="button" class="btn btn-default" data-dismiss="modal">Close</button>
                                            <button type="button" class="btn btn-primary" data-action="live#action" data-live-action-name-param="Delete" data-live-action-param="debounce(300)|executeBatchAction">Confirm</button>
                                                            </div>
                                    </div>
    </div>
</div>
                                                                                                        <button type="button" class="btn btn-sm btn-warning" data-toggle="modal" data-target="#modal_archive">
                                                                                    <i class="fa fa-trash"></i>
                                                                                Archive
                                    </button>
                                    <div class="modal fade" tabindex="-1" aria-hidden="true" id="modal_archive" data-controller="bootstrap-modal">
    <div class="modal-dialog">
        <div class="modal-content">
                                                <div class="modal-header">
                                                                    <h5>Confirm</h5>
                                            <button type="button" class="close" data-dismiss="modal" aria-label="Close">
                                                <span aria-hidden="true">&times;</span>
                                            </button>
                                                            </div>
                
                <div class="modal-body">
                                                                Are you sure you want to perform this action on the selected items?
                                                        </div>

                                    <div class="modal-footer justify-content-between">
                                                                    <button type="button" class="btn btn-default" data-dismiss="modal">Close</button>
                                            <button type="button" class="btn btn-primary" data-action="live#action" data-live-action-name-param="Archive" data-live-action-param="debounce(300)|executeBatchAction">Confirm</button>
                                                            </div>
                                    </div>
    </div>
</div>
                                                            </div>
                        </div>
                                    </div>
                <div class="col-3 float-right d-flex justify-content-between">
                    <div class="input-group mb-3">
                        <input type="search" name="q" class="form-control form-control-sm" placeholder="Search" aria-label="Search" aria-describedby="basic-addon2" value="" data-model="search">
                        <div class="input-group-append">
                            <button class="btn btn-sm btn-outline-secondary" type="submit">
                                <i class="fa fa-search"></i>
                            </button>
                        </div>
                    </div>
                                            <div class="ml-2">
                            <div class="dropdown dropleft">
                                <a href="#" data-toggle="dropdown" aria-haspopup="true" aria-expanded="false" class="text-black-50">
                                    <i class="fa fa-filter"></i>
                                </a>
                                <div class="dropdown-menu p-4">
                                    <form name="form" method="post" data-model="on(change)|*"><div id="form" data-model="on(change)|*">
<fieldset class="form-group">                
    <div id="form_created">
<div class="form-group">                
                                <label class="control-label required required" for="form_created_start">Start</label><input type="date" id="form_created_start" name="form[created][start]" data-required="required" class="form-control">
</div>
<div class="form-group">                
                                <label class="control-label required required" for="form_created_end">End</label><input type="date" id="form_created_end" name="form[created][end]" data-required="required" class="form-control">
</div>
</div>
</fieldset>
<input type="hidden" id="form__token" name="form[_token]">
</div></form>
                                    <a href="#" data-action="live#action:prevent" data-live-action-param="clearFilters">
                                        <i class="fa fa-cancel"></i> Clear
                                    </a>
                                </div>
                            </div>
                        </div>
                                    </div>
            </div>

            <div class="table-responsive">
                <table class="table table-bordered table-hover table-sm" data-controller="checkbox-select-all">
                    <thead>
                    <tr>
                        <th width="1%">
                            <div class="form-check">
                                <input type="checkbox" class="form-check-input position-static" data-checkbox-select-all-target="checkboxAll">
                            </div>
                        </th>
                                                    <th>
                                                                    <a href="#" class="d-block" data-model="sort" data-value="name,asc" data-action="live#update:prevent">
                                        Name
                                                                            </a>
                                                            </th>
                                                    <th>
                                                                    <a href="#" class="d-block" data-model="sort" data-value="website,asc" data-action="live#update:prevent">
                                        Website
                                                                            </a>
                                                            </th>
                                                    <th>
                                                                    <a href="#" class="d-block" data-model="sort" data-value="currencyCode,asc" data-action="live#update:prevent">
                                        Currency
                                                                            </a>
                                                            </th>
                                                    <th>
                                                                    <a href="#" class="d-block" data-model="sort" data-value="status,asc" data-action="live#update:prevent">
                                        Status
                                                                            </a>
                                                            </th>
                                                    <th>
                                                                    <a href="#" class="d-block" data-model="sort" data-value="created,asc" data-action="live#update:prevent">
                                        Created
                                                                            </a>
                                                            </th>
                                                                            <th width="1%">
                                Actions
                            </th>
                                            </tr>
                    </thead>
                    <tbody>
                                                                    <tr>
                            <td>
                                <div class="form-check">
                                    <input type="checkbox" class="form-check-input position-static" data-checkbox-select-all-target="checkbox" value="91656880-2d93-11ef-933f-5a2cf21a5680" data-model="selectedItems">
                                </div>
                            </td>
                                                            <td>Smitham, Moore and Smith</td>
                                                            <td><a href="http://heaney.com/perspiciatis-harum-quia-possimus-architecto-adipisci" target="_blank">http://heaney.com/perspiciatis-harum-quia-possimus-architecto-adipisci</a></td>
                                                            <td>Ethiopian Birr</td>
                                                            <td><span class="badge badge-pill bg-green">Active</span></td>
                                                            <td>02 February 1983</td>
                            
                                                            <td style="white-space: nowrap;">
                                                                            
                                                                                                                            
                                        <a href="/clients/view/91656880-2d93-11ef-933f-5a2cf21a5680">
                                            <i class="fa fa-eye"></i>&nbsp;View
                                        </a>
                                        &nbsp;&nbsp;
                                                                            
                                                                                                                            
                                        <a href="/clients/edit/91656880-2d93-11ef-933f-5a2cf21a5680">
                                            <i class="fa fa-pencil"></i>&nbsp;Edit
                                        </a>
                                        &nbsp;&nbsp;
                                                                    </td>
                                                    </tr>
                                            <tr>
                            <td>
                                <div class="form-check">
                                    <input type="checkbox" class="form-check-input position-static" data-checkbox-select-all-target="checkbox" value="91656880-2d93-11ef-933f-5a2cf21a5680" data-model="selectedItems">
                                </div>
                            </td>
                                                            <td>Leffler LLC</td>
                                                            <td><a href="http://feest.org/minima-sint-debitis-vel-beatae-ea" target="_blank">http://feest.org/minima-sint-debitis-vel-beatae-ea</a></td>
                                                            <td>Nigerian Naira</td>
                                                            <td><span class="badge badge-pill bg-green">Active</span></td>
                                                            <td>18 February 2006</td>
                            
                                                            <td style="white-space: nowrap;">
                                                                            
                                                                                                                            
                                        <a href="/clients/view/91656880-2d93-11ef-933f-5a2cf21a5680">
                                            <i class="fa fa-eye"></i>&nbsp;View
                                        </a>
                                        &nbsp;&nbsp;
                                                                            
                                                                                                                            
                                        <a href="/clients/edit/91656880-2d93-11ef-933f-5a2cf21a5680">
                                            <i class="fa fa-pencil"></i>&nbsp;Edit
                                        </a>
                                        &nbsp;&nbsp;
                                                                    </td>
                                                    </tr>
                                            <tr>
                            <td>
                                <div class="form-check">
                                    <input type="checkbox" class="form-check-input position-static" data-checkbox-select-all-target="checkbox" value="91656880-2d93-11ef-933f-5a2cf21a5680" data-model="selectedItems">
                                </div>
                            </td>
                                                            <td>Kris-Rohan</td>
                                                            <td><a href="http://www.wunsch.info/quia-labore-vel-hic-reprehenderit-id-possimus-rerum" target="_blank">http://www.wunsch.info/quia-labore-vel-hic-reprehenderit-id-possimus-rerum</a></td>
                                                            <td>Bhutanese Ngultrum</td>
                                                            <td><span class="badge badge-pill bg-green">Active</span></td>
                                                            <td>07 July 1990</td>
                            
                                                            <td style="white-space: nowrap;">
                                                                            
                                                                                                                            
                                        <a href="/clients/view/91656880-2d93-11ef-933f-5a2cf21a5680">
                                            <i class="fa fa-eye"></i>&nbsp;View
                                        </a>
                                        &nbsp;&nbsp;
                                                                            
                                                                                                                            
                                        <a href="/clients/edit/91656880-2d93-11ef-933f-5a2cf21a5680">
                                            <i class="fa fa-pencil"></i>&nbsp;Edit
                                        </a>
                                        &nbsp;&nbsp;
                                                                    </td>
                                                    </tr>
                                            <tr>
                            <td>
                                <div class="form-check">
                                    <input type="checkbox" class="form-check-input position-static" data-checkbox-select-all-target="checkbox" value="91656880-2d93-11ef-933f-5a2cf21a5680" data-model="selectedItems">
                                </div>
                            </td>
                                                            <td>Moore, Effertz and Sporer</td>
                                                            <td><a href="https://www.gerhold.com/facere-nostrum-minima-soluta-tenetur-consequatur" target="_blank">https://www.gerhold.com/facere-nostrum-minima-soluta-tenetur-consequatur</a></td>
                                                            <td>Vietnamese Dong</td>
                                                            <td><span class="badge badge-pill bg-green">Active</span></td>
                                                            <td>05 January 2011</td>
                            
                                                            <td style="white-space: nowrap;">
                                                                            
                                                                                                                            
                                        <a href="/clients/view/91656880-2d93-11ef-933f-5a2cf21a5680">
                                            <i class="fa fa-eye"></i>&nbsp;View
                                        </a>
                                        &nbsp;&nbsp;
                                                                            
                                                                                                                            
                                        <a href="/clients/edit/91656880-2d93-11ef-933f-5a2cf21a5680">
                                            <i class="fa fa-pencil"></i>&nbsp;Edit
                                        </a>
                                        &nbsp;&nbsp;
                                                                    </td>
                                                    </tr>
                                            <tr>
                            <td>
                                <div class="form-check">
                                    <input type="checkbox" class="form-check-input position-static" data-checkbox-select-all-target="checkbox" value="91656880-2d93-11ef-933f-5a2cf21a5680" data-model="selectedItems">
                                </div>
                            </td>
                                                            <td>Batz-Hammes</td>
                                                            <td><a href="https://www.hayes.info/voluptatem-consequatur-libero-consequuntur-quia-quo-libero-corrupti-explicabo" target="_blank">https://www.hayes.info/voluptatem-consequatur-libero-consequuntur-quia-quo-libero-corrupti-explicabo</a></td>
                                                            <td>Angolan Kwanza</td>
                                                            <td><span class="badge badge-pill bg-green">Active</span></td>
                                                            <td>11 October 1988</td>
                            
                                                            <td style="white-space: nowrap;">
                                                                            
                                                                                                                            
                                        <a href="/clients/view/91656880-2d93-11ef-933f-5a2cf21a5680">
                                            <i class="fa fa-eye"></i>&nbsp;View
                                        </a>
                                        &nbsp;&nbsp;
                                                                            
                                                                                                                            
                                        <a href="/clients/edit/91656880-2d93-11ef-933f-5a2cf21a5680">
                                            <i class="fa fa-pencil"></i>&nbsp;Edit
                                        </a>
                                        &nbsp;&nbsp;
                                                                    </td>
                                                    </tr>
                                            <tr>
                            <td>
                                <div class="form-check">
                                    <input type="checkbox" class="form-check-input position-static" data-checkbox-select-all-target="checkbox" value="91656880-2d93-11ef-933f-5a2cf21a5680" data-model="selectedItems">
                                </div>
                            </td>
                                                            <td>Davis, Kohler and Hills</td>
                                                            <td><a href="https://www.greenholt.com/incidunt-nesciunt-nisi-hic-qui" target="_blank">https://www.greenholt.com/incidunt-nesciunt-nisi-hic-qui</a></td>
                                                            <td>Jordanian Dinar</td>
                                                            <td><span class="badge badge-pill bg-green">Active</span></td>
                                                            <td>10 June 2012</td>
                            
                                                            <td style="white-space: nowrap;">
                                                                            
                                                                                                                            
                                        <a href="/clients/view/91656880-2d93-11ef-933f-5a2cf21a5680">
                                            <i class="fa fa-eye"></i>&nbsp;View
                                        </a>
                                        &nbsp;&nbsp;
                                                                            
                                                                                                                            
                                        <a href="/clients/edit/91656880-2d93-11ef-933f-5a2cf21a5680">
                                            <i class="fa fa-pencil"></i>&nbsp;Edit
                                        </a>
                                        &nbsp;&nbsp;
                                                                    </td>
                                                    </tr>
                                            <tr>
                            <td>
                                <div class="form-check">
                                    <input type="checkbox" class="form-check-input position-static" data-checkbox-select-all-target="checkbox" value="91656880-2d93-11ef-933f-5a2cf21a5680" data-model="selectedItems">
                                </div>
                            </td>
                                                            <td>Heidenreich, Kassulke and Effertz</td>
                                                            <td><a href="http://www.haag.com/deleniti-consequatur-quis-ut-et-facere-nisi-ut" target="_blank">http://www.haag.com/deleniti-consequatur-quis-ut-et-facere-nisi-ut</a></td>
                                                            <td>Argentine Peso</td>
                                                            <td><span class="badge badge-pill bg-green">Active</span></td>
                                                            <td>27 January 2024</td>
                            
                                                            <td style="white-space: nowrap;">
                                                                            
                                                                                                                            
                                        <a href="/clients/view/91656880-2d93-11ef-933f-5a2cf21a5680">
                                            <i class="fa fa-eye"></i>&nbsp;View
                                        </a>
                                        &nbsp;&nbsp;
                                                                            
                                                                                                                            
                                        <a href="/clients/edit/91656880-2d93-11ef-933f-5a2cf21a5680">
                                            <i class="fa fa-pencil"></i>&nbsp;Edit
                                        </a>
                                        &nbsp;&nbsp;
                                                                    </td>
                                                    </tr>
                                            <tr>
                            <td>
                                <div class="form-check">
                                    <input type="checkbox" class="form-check-input position-static" data-checkbox-select-all-target="checkbox" value="91656880-2d93-11ef-933f-5a2cf21a5680" data-model="selectedItems">
                                </div>
                            </td>
                                                            <td>Denesik, Morissette and Klein</td>
                                                            <td><a href="https://www.hodkiewicz.org/odit-velit-natus-eos-eveniet-cumque-impedit" target="_blank">https://www.hodkiewicz.org/odit-velit-natus-eos-eveniet-cumque-impedit</a></td>
                                                            <td>Laotian Kip</td>
                                                            <td><span class="badge badge-pill bg-green">Active</span></td>
                                                            <td>18 December 1997</td>
                            
                                                            <td style="white-space: nowrap;">
                                                                            
                                                                                                                            
                                        <a href="/clients/view/91656880-2d93-11ef-933f-5a2cf21a5680">
                                            <i class="fa fa-eye"></i>&nbsp;View
                                        </a>
                                        &nbsp;&nbsp;
                                                                            
                                                                                                                            
                                        <a href="/clients/edit/91656880-2d93-11ef-933f-5a2cf21a5680">
                                            <i class="fa fa-pencil"></i>&nbsp;Edit
                                        </a>
                                        &nbsp;&nbsp;
                                                                    </td>
                                                    </tr>
                                            <tr>
                            <td>
                                <div class="form-check">
                                    <input type="checkbox" class="form-check-input position-static" data-checkbox-select-all-target="checkbox" value="91656880-2d93-11ef-933f-5a2cf21a5680" data-model="selectedItems">
                                </div>
                            </td>
                                                            <td>Crooks, D'Amore and Moen</td>
                                                            <td><a href="http://wolf.info/iure-velit-sit-nulla-repellat-culpa-animi-sint" target="_blank">http://wolf.info/iure-velit-sit-nulla-repellat-culpa-animi-sint</a></td>
                                                            <td>Aruban Florin</td>
                                                            <td><span class="badge badge-pill bg-green">Active</span></td>
                                                            <td>22 March 2004</td>
                            
                                                            <td style="white-space: nowrap;">
                                                                            
                                                                                                                            
                                        <a href="/clients/view/91656880-2d93-11ef-933f-5a2cf21a5680">
                                            <i class="fa fa-eye"></i>&nbsp;View
                                        </a>
                                        &nbsp;&nbsp;
                                                                            
                                                                                                                            
                                        <a href="/clients/edit/91656880-2d93-11ef-933f-5a2cf21a5680">
                                            <i class="fa fa-pencil"></i>&nbsp;Edit
                                        </a>
                                        &nbsp;&nbsp;
                                                                    </td>
                                                    </tr>
                                            <tr>
                            <td>
                                <div class="form-check">
                                    <input type="checkbox" class="form-check-input position-static" data-checkbox-select-all-target="checkbox" value="91656880-2d93-11ef-933f-5a2cf21a5680" data-model="selectedItems">
                                </div>
                            </td>
                                                            <td>Mohr, Kilback and Rohan</td>
                                                            <td><a href="http://www.graham.info/ratione-itaque-doloremque-fuga-consectetur-quis-consequatur" target="_blank">http://www.graham.info/ratione-itaque-doloremque-fuga-consectetur-quis-consequatur</a></td>
                                                            <td>Cambodian Riel</td>
                                                            <td><span class="badge badge-pill bg-green">Active</span></td>
                                                            <td>10 August 1994</td>
                            
                                                            <td style="white-space: nowrap;">
                                                                            
                                                                                                                            
                                        <a href="/clients/view/91656880-2d93-11ef-933f-5a2cf21a5680">
                                            <i class="fa fa-eye"></i>&nbsp;View
                                        </a>
                                        &nbsp;&nbsp;
                                                                            
                                                                                                                            
                                        <a href="/clients/edit/91656880-2d93-11ef-933f-5a2cf21a5680">
                                            <i class="fa fa-pencil"></i>&nbsp;Edit
                                        </a>
                                        &nbsp;&nbsp;
                                                                    </td>
                                                    </tr>
                                                            </tbody>
                </table>
            </div>
        </div>
        <div class="card-footer p-3 d-flex justify-content-between">
            <p class="tile-subtitle-p tile-subtitle-footer mb-0">
                Showing 21 - 30 of 30 results
            </p>
            <p class="tile-subtitle-p tile-subtitle-footer mb-0 m-auto">
                <select class="form-control" data-model="perPage">
                    <option value="10">10</option>
                    <option value="25">25</option>
                    <option value="50">50</option>
                    <option value="30">All</option>
                </select>
            </p>
            <p class="tile-subtitle-p tile-subtitle-footer mb-0 ml-auto">
                </p>
<ul class="pagination">
<li class="page-item"><a class="page-link" href="/?page=2" rel="prev" data-model="page" data-value="2" data-action="live#update:prevent">&atilde;&#128;&#136;</a></li>
<li class="page-item"><a class="page-link" href="/?page=1" data-model="page" data-value="1" data-action="live#update:prevent">1</a></li>
<li class="page-item"><a class="page-link" href="/?page=2" data-model="page" data-value="2" data-action="live#update:prevent">2</a></li>
<li class="page-item active" aria-current="page"><span class="page-link">3</span></li>
<li class="page-item disabled"><span class="page-link">&atilde;&#128;&#137;</span></li>
</ul>
            
        </div>
    </div>
</div>
</body></html>
