<html><body>
<section class="row" id="in-a-real-scenario-it-would-already-have-one---provide-one-yourself-if-needed" data-controller="live" data-live-name-value="Settings" data-live-url-value="/_components/Settings" data-live-query-mapping-value='{"section":{"name":"section"}}' data-live-props-value='{"section":"system","formName":"settings","settings":{"company":{"company_name":"SolidInvoice","logo":"","vat_number":"","contact_details":{"email":"","phone_number":"","address":{"street1":"","street2":"","city":"","state":"","zip":"","country":""}},"currency":"USD"},"_token":""},"isValidated":false,"validatedFields":[],"@attributes":{"id":"in-a-real-scenario-it-would-already-have-one---provide-one-yourself-if-needed"},"@checksum":"MZdjYLPcwbnqJLzxW43hCyMubFa0fF8Nu7Iy4OC1QX4="}' data-live-csrf-value="">
    <aside class="col-3">
        <div class="card sticky-top">
            <div class="card-body">
                <ul class="nav nav-pills nav-sidebar flex-column sidebar-menu" role="tablist">
                                            <li class="nav-item">
                            <a href="/settings?section=system" class="nav-link active">
                                <i class="fa fa-cog"></i>
                                <p>System</p>
                            </a>
                        </li>
                                            <li class="nav-item">
                            <a href="/settings?section=quote" class="nav-link">
                                <i class="fa fa-cog"></i>
                                <p>Quote</p>
                            </a>
                        </li>
                                            <li class="nav-item">
                            <a href="/settings?section=invoice" class="nav-link">
                                <i class="fa fa-cog"></i>
                                <p>Invoice</p>
                            </a>
                        </li>
                                            <li class="nav-item">
                            <a href="/settings?section=email" class="nav-link">
                                <i class="fa fa-cog"></i>
                                <p>Email</p>
                            </a>
                        </li>
                                            <li class="nav-item">
                            <a href="/settings?section=sms" class="nav-link">
                                <i class="fa fa-cog"></i>
                                <p>Sms</p>
                            </a>
                        </li>
                                            <li class="nav-item">
                            <a href="/settings?section=notification" class="nav-link">
                                <i class="fa fa-cog"></i>
                                <p>Notification</p>
                            </a>
                        </li>
                                    </ul>
            </div>
        </div>
    </aside>

    <section class="col-9">
        <form name="settings" method="post" data-model="norender|*" data-action="live#action:prevent" data-live-action-param="prevent|files|save" enctype="multipart/form-data">
        <div class="tab-content">
            <div class="card mb-3">
                <div class="card-header">
                    <h3 class="card-title">
                        System
                    </h3>
                </div>
                <div class="card-body">
                    <div id="settings" data-model="norender|*">
<fieldset class="form-group">                
    <div id="settings_company">
<div class="form-group">                
            <label class="control-label" for="settings_company_company_name">Company name</label><input type="text" id="settings_company_company_name" name="settings[company][company_name]" class="form-control" value="SolidInvoice">
</div>
<div class="form-group">                
            <label class="control-label" for="settings_company_logo">Logo</label><div class="form-group" data-controller="logo-upload">
    <div class="dropzone-container" data-controller="symfony--ux-dropzone--dropzone">
        <input type="file" id="settings_company_logo" name="settings[company][logo]" placeholder="Drag and drop or browse" data-controller="" class="dropzone-input" data-symfony--ux-dropzone--dropzone-target="input">

        <div class="dropzone-placeholder" data-symfony--ux-dropzone--dropzone-target="placeholder">Drag and drop or browse</div>

        <div class="dropzone-preview" data-symfony--ux-dropzone--dropzone-target="preview" style="display: none">
            <button class="dropzone-preview-button" type="button" data-symfony--ux-dropzone--dropzone-target="previewClearButton"></button>

            <div class="dropzone-preview-image" style="display: none" data-symfony--ux-dropzone--dropzone-target="previewImage"></div>

            <div data-symfony--ux-dropzone--dropzone-target="previewFilename" class="dropzone-preview-filename"></div>
        </div>
    </div>
</div>
</div>
<div class="form-group">                
            <label class="control-label" for="settings_company_vat_number">Vat number</label><div class="input-group">
        <input type="text" id="settings_company_vat_number" name="settings[company][vat_number]" class="form-control">
        <span class="input-group-btn">
            <a href="#" class="btn btn-secondary vat-validator" data-input="#settings_company_vat_number" rel="tooltip" title="EU Countries Only">Validate</a>
        </span>
    </div>
</div>
<fieldset class="form-group">                
    <div id="settings_company_contact_details">
<div class="form-group">                
            <label class="control-label" for="settings_company_contact_details_email">Email</label><input type="email" id="settings_company_contact_details_email" name="settings[company][contact_details][email]" class="form-control">
</div>
<div class="form-group">                
            <label class="control-label" for="settings_company_contact_details_phone_number">Phone number</label><input type="text" id="settings_company_contact_details_phone_number" name="settings[company][contact_details][phone_number]" class="form-control">
</div>
<fieldset class="form-group">                
        <legend>
        <h4>
            Address
        </h4>
    </legend>

            <div class="widget" data-content="">

        <div class="row">
            <div class="col-md-6">
                <div class="form-group">                
            <label class="control-label" for="settings_company_contact_details_address_street1">Street1</label><input type="text" id="settings_company_contact_details_address_street1" name="settings[company][contact_details][address][street1]" class="form-control">
</div>
            </div>
            <div class="col-md-6">
                <div class="form-group">                
            <label class="control-label" for="settings_company_contact_details_address_street2">Street2</label><input type="text" id="settings_company_contact_details_address_street2" name="settings[company][contact_details][address][street2]" class="form-control">
</div>
            </div>
        </div>

        <div class="row">
            <div class="col-md-6">
                <div class="form-group">                
            <label class="control-label" for="settings_company_contact_details_address_city">City</label><input type="text" id="settings_company_contact_details_address_city" name="settings[company][contact_details][address][city]" class="form-control">
</div>
            </div>
            <div class="col-md-6">
                <div class="form-group">                
            <label class="control-label" for="settings_company_contact_details_address_state">State</label><input type="text" id="settings_company_contact_details_address_state" name="settings[company][contact_details][address][state]" class="form-control">
</div>
            </div>
        </div>

        <div class="row">
            <div class="col-md-6">
                <div class="form-group">                
            <label class="control-label" for="settings_company_contact_details_address_zip">Zip</label><input type="text" id="settings_company_contact_details_address_zip" name="settings[company][contact_details][address][zip]" class="form-control">
</div>
            </div>
            <div class="col-md-6">
                <div class="form-group">                
            <label class="control-label" for="settings_company_contact_details_address_country">Country</label><select id="settings_company_contact_details_address_country" name="settings[company][contact_details][address][country]" class="select2 form-control"><option value="">Select Country</option>
<option value="AF">Afghanistan</option>
<option value="AX">&Atilde;&#133;land Islands</option>
<option value="AL">Albania</option>
<option value="DZ">Algeria</option>
<option value="AS">American Samoa</option>
<option value="AD">Andorra</option>
<option value="AO">Angola</option>
<option value="AI">Anguilla</option>
<option value="AQ">Antarctica</option>
<option value="AG">Antigua &amp; Barbuda</option>
<option value="AR">Argentina</option>
<option value="AM">Armenia</option>
<option value="AW">Aruba</option>
<option value="AU">Australia</option>
<option value="AT">Austria</option>
<option value="AZ">Azerbaijan</option>
<option value="BS">Bahamas</option>
<option value="BH">Bahrain</option>
<option value="BD">Bangladesh</option>
<option value="BB">Barbados</option>
<option value="BY">Belarus</option>
<option value="BE">Belgium</option>
<option value="BZ">Belize</option>
<option value="BJ">Benin</option>
<option value="BM">Bermuda</option>
<option value="BT">Bhutan</option>
<option value="BO">Bolivia</option>
<option value="BA">Bosnia &amp; Herzegovina</option>
<option value="BW">Botswana</option>
<option value="BV">Bouvet Island</option>
<option value="BR">Brazil</option>
<option value="IO">British Indian Ocean Territory</option>
<option value="VG">British Virgin Islands</option>
<option value="BN">Brunei</option>
<option value="BG">Bulgaria</option>
<option value="BF">Burkina Faso</option>
<option value="BI">Burundi</option>
<option value="KH">Cambodia</option>
<option value="CM">Cameroon</option>
<option value="CA">Canada</option>
<option value="CV">Cape Verde</option>
<option value="BQ">Caribbean Netherlands</option>
<option value="KY">Cayman Islands</option>
<option value="CF">Central African Republic</option>
<option value="TD">Chad</option>
<option value="CL">Chile</option>
<option value="CN">China</option>
<option value="CX">Christmas Island</option>
<option value="CC">Cocos (Keeling) Islands</option>
<option value="CO">Colombia</option>
<option value="KM">Comoros</option>
<option value="CG">Congo - Brazzaville</option>
<option value="CD">Congo - Kinshasa</option>
<option value="CK">Cook Islands</option>
<option value="CR">Costa Rica</option>
<option value="CI">C&Atilde;&acute;te d&acirc;&#128;&#153;Ivoire</option>
<option value="HR">Croatia</option>
<option value="CU">Cuba</option>
<option value="CW">Cura&Atilde;&sect;ao</option>
<option value="CY">Cyprus</option>
<option value="CZ">Czechia</option>
<option value="DK">Denmark</option>
<option value="DJ">Djibouti</option>
<option value="DM">Dominica</option>
<option value="DO">Dominican Republic</option>
<option value="EC">Ecuador</option>
<option value="EG">Egypt</option>
<option value="SV">El Salvador</option>
<option value="GQ">Equatorial Guinea</option>
<option value="ER">Eritrea</option>
<option value="EE">Estonia</option>
<option value="SZ">Eswatini</option>
<option value="ET">Ethiopia</option>
<option value="FK">Falkland Islands</option>
<option value="FO">Faroe Islands</option>
<option value="FJ">Fiji</option>
<option value="FI">Finland</option>
<option value="FR">France</option>
<option value="GF">French Guiana</option>
<option value="PF">French Polynesia</option>
<option value="TF">French Southern Territories</option>
<option value="GA">Gabon</option>
<option value="GM">Gambia</option>
<option value="GE">Georgia</option>
<option value="DE">Germany</option>
<option value="GH">Ghana</option>
<option value="GI">Gibraltar</option>
<option value="GR">Greece</option>
<option value="GL">Greenland</option>
<option value="GD">Grenada</option>
<option value="GP">Guadeloupe</option>
<option value="GU">Guam</option>
<option value="GT">Guatemala</option>
<option value="GG">Guernsey</option>
<option value="GN">Guinea</option>
<option value="GW">Guinea-Bissau</option>
<option value="GY">Guyana</option>
<option value="HT">Haiti</option>
<option value="HM">Heard &amp; McDonald Islands</option>
<option value="HN">Honduras</option>
<option value="HK">Hong Kong SAR China</option>
<option value="HU">Hungary</option>
<option value="IS">Iceland</option>
<option value="IN">India</option>
<option value="ID">Indonesia</option>
<option value="IR">Iran</option>
<option value="IQ">Iraq</option>
<option value="IE">Ireland</option>
<option value="IM">Isle of Man</option>
<option value="IL">Israel</option>
<option value="IT">Italy</option>
<option value="JM">Jamaica</option>
<option value="JP">Japan</option>
<option value="JE">Jersey</option>
<option value="JO">Jordan</option>
<option value="KZ">Kazakhstan</option>
<option value="KE">Kenya</option>
<option value="KI">Kiribati</option>
<option value="KW">Kuwait</option>
<option value="KG">Kyrgyzstan</option>
<option value="LA">Laos</option>
<option value="LV">Latvia</option>
<option value="LB">Lebanon</option>
<option value="LS">Lesotho</option>
<option value="LR">Liberia</option>
<option value="LY">Libya</option>
<option value="LI">Liechtenstein</option>
<option value="LT">Lithuania</option>
<option value="LU">Luxembourg</option>
<option value="MO">Macao SAR China</option>
<option value="MG">Madagascar</option>
<option value="MW">Malawi</option>
<option value="MY">Malaysia</option>
<option value="MV">Maldives</option>
<option value="ML">Mali</option>
<option value="MT">Malta</option>
<option value="MH">Marshall Islands</option>
<option value="MQ">Martinique</option>
<option value="MR">Mauritania</option>
<option value="MU">Mauritius</option>
<option value="YT">Mayotte</option>
<option value="MX">Mexico</option>
<option value="FM">Micronesia</option>
<option value="MD">Moldova</option>
<option value="MC">Monaco</option>
<option value="MN">Mongolia</option>
<option value="ME">Montenegro</option>
<option value="MS">Montserrat</option>
<option value="MA">Morocco</option>
<option value="MZ">Mozambique</option>
<option value="MM">Myanmar (Burma)</option>
<option value="NA">Namibia</option>
<option value="NR">Nauru</option>
<option value="NP">Nepal</option>
<option value="NL">Netherlands</option>
<option value="NC">New Caledonia</option>
<option value="NZ">New Zealand</option>
<option value="NI">Nicaragua</option>
<option value="NE">Niger</option>
<option value="NG">Nigeria</option>
<option value="NU">Niue</option>
<option value="NF">Norfolk Island</option>
<option value="KP">North Korea</option>
<option value="MK">North Macedonia</option>
<option value="MP">Northern Mariana Islands</option>
<option value="NO">Norway</option>
<option value="OM">Oman</option>
<option value="PK">Pakistan</option>
<option value="PW">Palau</option>
<option value="PS">Palestinian Territories</option>
<option value="PA">Panama</option>
<option value="PG">Papua New Guinea</option>
<option value="PY">Paraguay</option>
<option value="PE">Peru</option>
<option value="PH">Philippines</option>
<option value="PN">Pitcairn Islands</option>
<option value="PL">Poland</option>
<option value="PT">Portugal</option>
<option value="PR">Puerto Rico</option>
<option value="QA">Qatar</option>
<option value="RE">R&Atilde;&copy;union</option>
<option value="RO">Romania</option>
<option value="RU">Russia</option>
<option value="RW">Rwanda</option>
<option value="WS">Samoa</option>
<option value="SM">San Marino</option>
<option value="ST">S&Atilde;&pound;o Tom&Atilde;&copy; &amp; Pr&Atilde;&shy;ncipe</option>
<option value="SA">Saudi Arabia</option>
<option value="SN">Senegal</option>
<option value="RS">Serbia</option>
<option value="SC">Seychelles</option>
<option value="SL">Sierra Leone</option>
<option value="SG">Singapore</option>
<option value="SX">Sint Maarten</option>
<option value="SK">Slovakia</option>
<option value="SI">Slovenia</option>
<option value="SB">Solomon Islands</option>
<option value="SO">Somalia</option>
<option value="ZA">South Africa</option>
<option value="GS">South Georgia &amp; South Sandwich Islands</option>
<option value="KR">South Korea</option>
<option value="SS">South Sudan</option>
<option value="ES">Spain</option>
<option value="LK">Sri Lanka</option>
<option value="BL">St. Barth&Atilde;&copy;lemy</option>
<option value="SH">St. Helena</option>
<option value="KN">St. Kitts &amp; Nevis</option>
<option value="LC">St. Lucia</option>
<option value="MF">St. Martin</option>
<option value="PM">St. Pierre &amp; Miquelon</option>
<option value="VC">St. Vincent &amp; Grenadines</option>
<option value="SD">Sudan</option>
<option value="SR">Suriname</option>
<option value="SJ">Svalbard &amp; Jan Mayen</option>
<option value="SE">Sweden</option>
<option value="CH">Switzerland</option>
<option value="SY">Syria</option>
<option value="TW">Taiwan</option>
<option value="TJ">Tajikistan</option>
<option value="TZ">Tanzania</option>
<option value="TH">Thailand</option>
<option value="TL">Timor-Leste</option>
<option value="TG">Togo</option>
<option value="TK">Tokelau</option>
<option value="TO">Tonga</option>
<option value="TT">Trinidad &amp; Tobago</option>
<option value="TN">Tunisia</option>
<option value="TR">T&Atilde;&frac14;rkiye</option>
<option value="TM">Turkmenistan</option>
<option value="TC">Turks &amp; Caicos Islands</option>
<option value="TV">Tuvalu</option>
<option value="UM">U.S. Outlying Islands</option>
<option value="VI">U.S. Virgin Islands</option>
<option value="UG">Uganda</option>
<option value="UA">Ukraine</option>
<option value="AE">United Arab Emirates</option>
<option value="GB">United Kingdom</option>
<option value="US">United States</option>
<option value="UY">Uruguay</option>
<option value="UZ">Uzbekistan</option>
<option value="VU">Vanuatu</option>
<option value="VA">Vatican City</option>
<option value="VE">Venezuela</option>
<option value="VN">Vietnam</option>
<option value="WF">Wallis &amp; Futuna</option>
<option value="EH">Western Sahara</option>
<option value="YE">Yemen</option>
<option value="ZM">Zambia</option>
<option value="ZW">Zimbabwe</option></select>
</div>
            </div>
        </div>

                <br class="clear">
    </div>

</fieldset>
</div>
</fieldset>
<div class="form-group">                
            <label class="control-label" for="settings_company_currency">Currency</label><select id="settings_company_currency" name="settings[company][currency]" class="select2 form-control"><option value=""></option>
<option value="AFN">Afghan Afghani</option>
<option value="EUR">Euro</option>
<option value="ALL">Albanian Lek</option>
<option value="DZD">Algerian Dinar</option>
<option value="USD" selected>US Dollar</option>
<option value="AOA">Angolan Kwanza</option>
<option value="XCD">East Caribbean Dollar</option>
<option value="ARS">Argentine Peso</option>
<option value="AMD">Armenian Dram</option>
<option value="AWG">Aruban Florin</option>
<option value="AUD">Australian Dollar</option>
<option value="AZN">Azerbaijani Manat</option>
<option value="BSD">Bahamian Dollar</option>
<option value="BHD">Bahraini Dinar</option>
<option value="BDT">Bangladeshi Taka</option>
<option value="BBD">Barbadian Dollar</option>
<option value="BYN">Belarusian Ruble</option>
<option value="BZD">Belize Dollar</option>
<option value="XOF">West African CFA Franc</option>
<option value="BMD">Bermudan Dollar</option>
<option value="INR">Indian Rupee</option>
<option value="BTN">Bhutanese Ngultrum</option>
<option value="BOB">Bolivian Boliviano</option>
<option value="BOV">Bolivian Mvdol</option>
<option value="BAM">Bosnia-Herzegovina Convertible Mark</option>
<option value="BWP">Botswanan Pula</option>
<option value="NOK">Norwegian Krone</option>
<option value="BRL">Brazilian Real</option>
<option value="BND">Brunei Dollar</option>
<option value="BGN">Bulgarian Lev</option>
<option value="BIF">Burundian Franc</option>
<option value="CVE">Cape Verdean Escudo</option>
<option value="KHR">Cambodian Riel</option>
<option value="XAF">Central African CFA Franc</option>
<option value="CAD">Canadian Dollar</option>
<option value="KYD">Cayman Islands Dollar</option>
<option value="CLP">Chilean Peso</option>
<option value="CLF">Chilean Unit of Account (UF)</option>
<option value="CNY">Chinese Yuan</option>
<option value="COP">Colombian Peso</option>
<option value="COU">Colombian Real Value Unit</option>
<option value="KMF">Comorian Franc</option>
<option value="CDF">Congolese Franc</option>
<option value="NZD">New Zealand Dollar</option>
<option value="CRC">Costa Rican Col&Atilde;&sup3;n</option>
<option value="HRK">Croatian Kuna</option>
<option value="CUP">Cuban Peso</option>
<option value="CUC">Cuban Convertible Peso</option>
<option value="ANG">Netherlands Antillean Guilder</option>
<option value="CZK">Czech Koruna</option>
<option value="DKK">Danish Krone</option>
<option value="DJF">Djiboutian Franc</option>
<option value="DOP">Dominican Peso</option>
<option value="EGP">Egyptian Pound</option>
<option value="SVC">Salvadoran Col&Atilde;&sup3;n</option>
<option value="ERN">Eritrean Nakfa</option>
<option value="ETB">Ethiopian Birr</option>
<option value="FKP">Falkland Islands Pound</option>
<option value="FJD">Fijian Dollar</option>
<option value="XPF">CFP Franc</option>
<option value="GMD">Gambian Dalasi</option>
<option value="GEL">Georgian Lari</option>
<option value="GHS">Ghanaian Cedi</option>
<option value="GIP">Gibraltar Pound</option>
<option value="GTQ">Guatemalan Quetzal</option>
<option value="GBP">British Pound</option>
<option value="GNF">Guinean Franc</option>
<option value="GYD">Guyanaese Dollar</option>
<option value="HTG">Haitian Gourde</option>
<option value="HNL">Honduran Lempira</option>
<option value="HKD">Hong Kong Dollar</option>
<option value="HUF">Hungarian Forint</option>
<option value="ISK">Icelandic Kr&Atilde;&sup3;na</option>
<option value="IDR">Indonesian Rupiah</option>
<option value="IRR">Iranian Rial</option>
<option value="IQD">Iraqi Dinar</option>
<option value="ILS">Israeli New Shekel</option>
<option value="JMD">Jamaican Dollar</option>
<option value="JPY">Japanese Yen</option>
<option value="JOD">Jordanian Dinar</option>
<option value="KZT">Kazakhstani Tenge</option>
<option value="KES">Kenyan Shilling</option>
<option value="KPW">North Korean Won</option>
<option value="KRW">South Korean Won</option>
<option value="KWD">Kuwaiti Dinar</option>
<option value="KGS">Kyrgystani Som</option>
<option value="LAK">Laotian Kip</option>
<option value="LBP">Lebanese Pound</option>
<option value="LSL">Lesotho Loti</option>
<option value="ZAR">South African Rand</option>
<option value="LRD">Liberian Dollar</option>
<option value="LYD">Libyan Dinar</option>
<option value="CHF">Swiss Franc</option>
<option value="MOP">Macanese Pataca</option>
<option value="MKD">Macedonian Denar</option>
<option value="MGA">Malagasy Ariary</option>
<option value="MWK">Malawian Kwacha</option>
<option value="MYR">Malaysian Ringgit</option>
<option value="MVR">Maldivian Rufiyaa</option>
<option value="MRU">Mauritanian Ouguiya</option>
<option value="MUR">Mauritian Rupee</option>
<option value="MXN">Mexican Peso</option>
<option value="MXV">Mexican Investment Unit</option>
<option value="MDL">Moldovan Leu</option>
<option value="MNT">Mongolian Tugrik</option>
<option value="MAD">Moroccan Dirham</option>
<option value="MZN">Mozambican Metical</option>
<option value="MMK">Myanmar Kyat</option>
<option value="NAD">Namibian Dollar</option>
<option value="NPR">Nepalese Rupee</option>
<option value="NIO">Nicaraguan C&Atilde;&sup3;rdoba</option>
<option value="NGN">Nigerian Naira</option>
<option value="OMR">Omani Rial</option>
<option value="PKR">Pakistani Rupee</option>
<option value="PAB">Panamanian Balboa</option>
<option value="PGK">Papua New Guinean Kina</option>
<option value="PYG">Paraguayan Guarani</option>
<option value="PEN">Peruvian Sol</option>
<option value="PHP">Philippine Peso</option>
<option value="PLN">Polish Zloty</option>
<option value="QAR">Qatari Riyal</option>
<option value="RON">Romanian Leu</option>
<option value="RUB">Russian Ruble</option>
<option value="RWF">Rwandan Franc</option>
<option value="SHP">St. Helena Pound</option>
<option value="WST">Samoan Tala</option>
<option value="STN">S&Atilde;&pound;o Tom&Atilde;&copy; &amp; Pr&Atilde;&shy;ncipe Dobra</option>
<option value="SAR">Saudi Riyal</option>
<option value="RSD">Serbian Dinar</option>
<option value="SCR">Seychellois Rupee</option>
<option value="SLL">Sierra Leonean Leone (1964&acirc;&#128;&#148;2022)</option>
<option value="SGD">Singapore Dollar</option>
<option value="SBD">Solomon Islands Dollar</option>
<option value="SOS">Somali Shilling</option>
<option value="SSP">South Sudanese Pound</option>
<option value="LKR">Sri Lankan Rupee</option>
<option value="SDG">Sudanese Pound</option>
<option value="SRD">Surinamese Dollar</option>
<option value="SZL">Swazi Lilangeni</option>
<option value="SEK">Swedish Krona</option>
<option value="CHE">WIR Euro</option>
<option value="CHW">WIR Franc</option>
<option value="SYP">Syrian Pound</option>
<option value="TWD">New Taiwan Dollar</option>
<option value="TJS">Tajikistani Somoni</option>
<option value="TZS">Tanzanian Shilling</option>
<option value="THB">Thai Baht</option>
<option value="TOP">Tongan Pa&Ecirc;&raquo;anga</option>
<option value="TTD">Trinidad &amp; Tobago Dollar</option>
<option value="TND">Tunisian Dinar</option>
<option value="TRY">Turkish Lira</option>
<option value="TMT">Turkmenistani Manat</option>
<option value="UGX">Ugandan Shilling</option>
<option value="UAH">Ukrainian Hryvnia</option>
<option value="AED">United Arab Emirates Dirham</option>
<option value="USN">US Dollar (Next day)</option>
<option value="UYU">Uruguayan Peso</option>
<option value="UYI">Uruguayan Peso (Indexed Units)</option>
<option value="UYW">Uruguayan Nominal Wage Index Unit</option>
<option value="UZS">Uzbekistani Som</option>
<option value="VUV">Vanuatu Vatu</option>
<option value="VES">Venezuelan Bol&Atilde;&shy;var</option>
<option value="VND">Vietnamese Dong</option>
<option value="YER">Yemeni Rial</option>
<option value="ZMW">Zambian Kwacha</option>
<option value="ZWL">Zimbabwean Dollar (2009)</option></select>
</div>
</div>
</fieldset>
<input type="hidden" id="settings__token" name="settings[_token]">
</div>
                </div>
            </div>
        </div>

        <div class="card-footer form-actions">
            <button type="submit" class="btn btn-success"><i class="fa fa-save"></i> Save</button>
        </div>
        </form>
    </section>
</section>
</body></html>
