<!DOCTYPE html>
<html>
    <head>
        <meta charset="UTF-8">
        <meta http-equiv="refresh" content="0;url='/settings?section=invoice'">

        <title>Redirecting to /settings?section=invoice</title>
    </head>
    <body>
        Redirecting to <a href="/settings?section=invoice">/settings?section=invoice</a>.
    </body>
</html>
