<html><body>
<div class="float-right no-print">
        <div class="btn-toolbar" role="toolbar">
            <div class="btn-group mr-2" role="group">
                                <a href="/quotes/clone/181aaf4a-0097-11ef-9b64-5a2cf21a5680" class="btn btn-secondary">
                    <i class="fa fa-clone"></i> Clone
                </a>
                
                
                
                                    <a href="/quotes/action/send/181aaf4a-0097-11ef-9b64-5a2cf21a5680" class="btn btn-info">
                        <i class="fa fa-envelope o"></i> Publish and Send
                    </a>
                
                
                
                            </div>
        </div>
    </div>

    <br class="clear">
    <br class="clear">

    

<div class="widget" id="quote-create">
    <div class="card invoice">
        <div class="card-body">
            
                <div class="col-12">
                                            <h2 class="page-header">
                            Quote #QUOT-2021-0001 
<span class="badge badge-pill bg-green">Accepted</span>
                        </h2>
                                        <div class="row invoice-info">
                        <div class="col-sm-4 invoice-col">
                            From:
                            <h4>SolidInvoice</h4>

                                                        
                                                        
                                                        
                                                                                </div>
                        <div class="col-sm-4 invoice-col">
                            To:
                            <h4>Johnston PLC</h4>
                                                            <p>
                                    <a href="https://www.example.com" rel="external" target="_blank">
                                        https://www.example.com
                                    </a>
                                </p>
                            
                                                            <p>
                                    <strong>Vat Number:</strong> GB123456789
                                </p>
                            
                                                        <p>
                                                            </p>
                        </div>
                        <div class="col-sm-4 invoice-col">
                            <dl class="dl-horizontal">
                                <dt>Quote #</dt>
                                <dd>QUOT-2021-0001</dd>
                                <dt>Total</dt>
                                <dd>$1.00</dd>
                                <dt>Created</dt>
                                <dd>September 1, 2021 00:00</dd>
                            </dl>
                        </div>
                    </div>
                </div>
            
                            <div class="col-12">
                    <div class="table-responsive">
                        <table id="quote-rows" class="table table-condensed">
                            <thead>
                            <tr>
                                <th>Description</th>
                                <th>Price</th>
                                <th>Qty</th>
                                                                <th class="text-right">Total</th>
                            </tr>
                            </thead>
                            <tbody>
                                                            <tr>
                                    <td class="column-description">
                                        Test Item
                                    </td>
                                    <td class="column-price">
                                        $1.00
                                    </td>
                                    <td class="column-qty">
                                        1
                                    </td>
                                                                        <td class="column-total text-right">
                                        $0.00
                                    </td>
                                </tr>
                                                        </tbody>
                            <tfoot>
                            <tr>
                                <td class="no-line"></td>
                                <td colspan="2" class="thick-line text-right">
                                    <strong>Sub-Total</strong>
                                </td>
                                <td class="thick-line text-right">
                                    <div class="quote-sub-total">
                                        $1.00
                                    </div>
                                </td>
                            </tr>
                            
                                                            <tr>
                                    <td class="no-line"></td>
                                    <td colspan="2" class="no-line text-right">
                                        <strong>Discount</strong>
                                    </td>
                                    <td class="no-line text-right">
                                        <span class="text-danger quote-discount">
                                            -$0.00
                                        </span>
                                    </td>
                                </tr>
                                                        <tr>
                                <td class="no-line"></td>
                                <td colspan="2" class="no-line text-right">
                                    <strong>
                                        Total
                                    </strong>
                                </td>
                                <td class="no-line text-right">
                                    <div class="quote-total">
                                        $1.00
                                    </div>
                                </td>
                            </tr>
                            </tfoot>
                        </table>
                    </div>
                </div>
            
                                                            <div class="col-6">
                        <strong>Terms</strong>
                        <p class="text-muted well well-sm no-shadow">
                            Test Terms
                        </p>
                    </div>
                            

            <div class="row no-print">
                <div class="col-12">
                    <div class="btn-group">
                        <a href="javascript:window.print()" class="btn btn-secondary"><i class="fa fa-print"></i> Print</a>
                                                    <a href="/quotes/view/181aaf4a-0097-11ef-9b64-5a2cf21a5680.pdf" target="_blank" class="btn btn-secondary"><i class="fa fa-file-pdf-o"></i> PDF</a>
                                            </div>
                </div>
            </div>
                </div>
    </div>
</div>
</body></html>
